 
****************************************
Report : power
        -hier
        -analysis_effort low
Design : i2c_master_top
Version: T-2022.03-SP1
Date   : Sun Sep 22 20:38:28 2024
****************************************


Library(s) Used:

    saed14rvt_tt0p8v25c (File: /home/dkits/synopsys/SAED14nm/stdcell_rvt/db_nldm/saed14rvt_tt0p8v25c.db)


Operating Conditions: ss0p6v125c   Library: saed14rvt_ss0p6v125c
Wire Load Model Mode: enclosed

Design        Wire Load Model            Library
------------------------------------------------
i2c_master_top         8000              saed14rvt_tt0p8v25c


Global Operating Voltage = 0.6  
Power-specific unit information :
    Voltage Units = 1V
    Capacitance Units = 1.000000ff
    Time Units = 1ns
    Dynamic Power Units = 1uW    (derived from V,C,T units)
    Leakage Power Units = 1pW


--------------------------------------------------------------------------------
                                       Switch   Int      Leak     Total
Hierarchy                              Power    Power    Power    Power    %
--------------------------------------------------------------------------------
i2c_master_top                            1.985  124.896 8.60e+04  126.967 100.0
1
